<div style="display:table; vertical-align: top"><span class="helpicon glyphicon glyphicon-question-sign" onclick="(arguments[0]||window.event).cancelBubble=true;" onmouseover="Neptune.Views.Methods.addHelpTooltipPopup(this, &#x27;My Field&#x27;, &#x27;\/FieldDefinition\/FieldDefinitionDetails\/1&#x27;, 300)" style="display:table-cell; padding-right:2px" title="Click to get help on My Field"></span><label for="myField" style="display:table-cell">My Field</label></div>