<label for="myField"><span class="helpicon glyphicon glyphicon-question-sign" onmouseover="ProjectFirma.Views.Methods.addHelpTooltipPopup(this, &#39;My Field&#39;, &#39;\/FieldDefinition\/FieldDefinitionDetails\/1&#39;, 300)" title="Click to get help on My Field"></span>My Field</label>