<div style="display:table; vertical-align: top"><span class="helpicon glyphicon glyphicon-question-sign" onclick="(arguments[0]||window.event).cancelBubble=true;" onmouseover="ProjectFirma.Views.Methods.addHelpTooltipPopup(this, &#39;My Field&#39;, &#39;\/FieldDefinition\/FieldDefinitionDetails\/1&#39;, 300)" style="display:table-cell; padding-right:2px" title="Click to get help on My Field"></span><label for="myField" style="display:table-cell">My Field</label></div>