<script language="javascript" type="text/javascript">
    // <![CDATA[
    jQuery(document).ready(function ()
    {
        CKEDITOR.replace("CkEditorForProgramPageContent", {
           toolbar:
           [

           ]
        });
    });
    // ]]>
</script>