<div contenteditable="true" data-cke-editor-id="ProgramPageContent" id="CkEditorForProgramPageContent">
Some html text
</div>