TABLE_CATALOG	TABLE_SCHEMA	TABLE_NAME	TABLE_TYPE	CONSTRAINT_CATALOG	CONSTRAINT_SCHEMA	CONSTRAINT_NAME	TABLE_CATALOG1	TABLE_SCHEMA1	TABLE_NAME1	CONSTRAINT_TYPE	IS_DEFERRABLE	INITIALLY_DEFERRED