ParentTableSchemaName	ParentTableName	ParentKeyColumnName	ChildTableSchemaName	ChildTableName	ChildKeyColumnName	ChildKeyColumnIsNullable	KeyName	ForeignKeySql