DatabaseName	TableName	ConstraintName	IdealNewConstraintName	QueryToRenameConstraint