table_schema	table_name	column_name	Data_type	ORDINAL_POSITION