TableName	ColumnName	ParentTableName	ChildTableName	ConstraintName	ParentColumnName	ChildColumnName
AuditLog	ProjectID					
AuditLog	RecordID					