

Feature Neptune.Web.Security.LoggedInUnclassifiedFeature is available to the Unassigned role
Feature Neptune.Web.Security.WebServiceDocumentationViewFeature is available to the Unassigned role
Feature Neptune.Web.Security.UserViewFeature is available to the Unassigned role