    <li class=""><a title="" href="url1">menu1</a></li>