    <li class="dropdown">
    <a href="#" class="dropdown-toggle" data-toggle="dropdown" role="button" aria-expanded="false">menu1 <span class="glyphicon glyphicon-menu-down"></span></a>
        <ul class="dropdown-menu" role="menu">
            <li class=""><a title="" href="url2">menu2</a></li>
            <li class=""><a title="" href="url3">menu3</a></li>
            <li class=""><a title="" href="url4">menu4</a></li>
            <li class="dropdown">
            <a href="#" class="dropdown-toggle" data-toggle="dropdown" role="button" aria-expanded="false">menu5 <span class="glyphicon glyphicon-menu-down"></span></a>
                <ul class="dropdown-menu" role="menu">
                    <li class=""><a title="" href="url6">menu6</a></li>
                </ul>
            
            </li>
        </ul>
    
    </li>