<a data-button-css-classes="btn-neptune btn-xs" data-cancel-button-id="ltinfo-modal-dialog-cancel-button-id" data-cancel-button-text="Cancel" data-dialog-title="Tag Projects" data-dialog-width="800" data-dismiss="modal" data-save-button-id="ltinfo-modal-dialog-save-button-id" data-save-button-text="Save" href="someUrl" onclick="return modalDialogLink(this, null, function() { return Sitka.someGridName.getValuesFromCheckedGridRows(0, &#39;ProjectID&#39;, &#39;ProjectIDList&#39;); });"><span style="margin-right:5px"><span class="glyphicon glyphicon-tag"></span></span>Tag Checked Projects</a>