Currently viewing <span id="testGridNameFilteredRowCount"></span> of <span id="testGridNameUnfilteredRowCount"></span> some things