<a data-cancel-button-text="Cancel" data-dialog-title="Create this pencil" data-dialog-width="250" data-dismiss="modal" data-save-button-id="ltinfo-modal-dialog-save-button-id" data-save-button-text="Save" href="someUrl" onclick="return modalDialogLink(this, null, null);"><span class="glyphicon glyphicon-plus-sign gi-1x blue"></span> Create this</a>