    <button />
    <select><input /></select>
    Some random text