<a href="javascript:void(0);" onclick="Sitka.testGridName.clearAllCookies()" title="Reset this grid to default column widths and filters"><span class="glyphicon glyphicon-regular undo gi-1x blue"></span> Reset</a>&nbsp;