<a class="process create createUrlClass" href="createUrl" title="Add me">Add me</a>